// Jest Snapshot v1, https://goo.gl/fbAQLP

exports[`check if it renders a correct snapshot 1`] = `
<div>
  <h1>
    Users:
  </h1>
  <ul>
    <li>
      Yamada Hanako
       -- 
      <span>
        (
        @Yamada
        )
      </span>
    </li>
  </ul>
</div>
`;
